data-analytics-golden-demo/sql-scripts/taxi_dataset ... - GitHub,https://github.com/GoogleCloudPlatform/data-analytics-golden-demo/blob/main/sql-scripts/taxi_dataset/sp_demo_internal_external_table_join.sql
data-analytics-golden-demo/sql-scripts/taxi_dataset ... - GitHub,https://github.com/GoogleCloudPlatform/data-analytics-golden-demo/blob/main/sql-scripts/taxi_dataset/sp_demo_ingest_data.sql
k9win my-【copy url:hk599.vip】-golden bank cd rates ... - Facebook,https://eu-es.facebook.com/watch/explore/k9win%2520my-%25E3%2580%2590copy%2520url:hk599.vip%25E3%2580%2591-golden%2520bank%2520cd%2520rates-%25E3%2580%2590copy%2520url:hk599.vip%25E3%2580%2591.sql
RegexPocketData.sql · master · examples / Oracle Regular ...,https://resources.oreilly.com/examples/9780596006013/blob/master/RegexPocketData.sql
db-dump.sql - Raphaël Pittet - GitLab,https://forge.hefr.ch/raphael.pittet/Golden-Club/-/blob/08ef05be773343120ae4933e726213a958bb6ad5/db-dump.sql
golden bank national association-【copy url:hk589.vip】-casino ...,https://az-az.facebook.com/watch/explore/golden%2520bank%2520national%2520association-%25E3%2580%2590copy%2520url:hk589.vip%25E3%2580%2591-casino%2520slots%2520-%2520jackpot%2520slots-%25E3%2580%2590copy%2520url:hk589.vip%25E3%2580%2591.sql
https://raw.githubusercontent.com/gmolto/backbone-...,https://raw.githubusercontent.com/gmolto/backbone-cellar/master/cellar.sql
quilt/g.sql at main - quilt - Gitea - Explore - Gitea,https://git.goldenscaled.net/joe/quilt/src/branch/main/models/g.sql
Golden Empire-tuvn666.com-Bingo King.sql の検索結果 | 無印良品,https://www.muji.com/jp/ja/store/search/cmdty/Golden%2BEmpire-tuvn666.com-Bingo%2BKing.sql
https://raw.githubusercontent.com/rathena/rathena/...,https://raw.githubusercontent.com/rathena/rathena/master/sql-files/main.sql
