The Devil with the Three Golden Hairs,https://www.cs.cmu.edu/~spok/grimmtmp/022.txt
golden/version.txt at main Â· tenntenn/golden - GitHub,https://github.com/tenntenn/golden/blob/main/version.txt
goldenpoa.txt - SEC.gov,https://www.sec.gov/Archives/edgar/data/836687/000083727601500101/goldenpoa.txt
Golden Corral,http://www.pjwnex.us/media/text/Golden_Corral.txt
09.07 __vp8-bitstream__refresh-golden-frame-and-altref-frame.txt,https://chromium.googlesource.com/webm/bitstream-guide/%2B/b32b1d68bda4c56d4be007c2d1a5e71aba3bd232/text_src/09.07__vp8-bitstream__refresh-golden-frame-and-altref-frame.txt
Golden Book - Cheap Thief Missions,https://www.thiefmissions.com/lootlists/GoldenBookI.txt
"Work info: Golden Legend, vol. 4 - Christian Classics Ethereal Library",https://www.ccel.org/ccel/voragine/goldleg4.txt
announcement of the targeted reentry program - MyNavy HR,https://www.mynavyhr.navy.mil/Portals/55/Messages/NAVADMIN/NAV2018/NAV18047.txt%3Fver%3DL_yHsvZ3msUkdM-x89pLRw%253D%253D
googletest-output-test-golden-lin.txt - GitHub,https://github.com/google/googletest/blob/master/googletest/test/googletest-output-test-golden-lin.txt
