telegraf/plugins/inputs/sql/testdata/mariadb/expected.sql at master,https://github.com/influxdata/telegraf/blob/master/plugins/inputs/sql/testdata/mariadb/expected.sql
"'=' expected for rows​(java.lang.String sql, java.lang.Object[] params ...",https://youtrack.jetbrains.com/issue/IDEA-210369/expected-for-rowsjava.lang.String-sql-java.lang.Object-params-method-in-groovy.sql.Sql
prisma1-upgrade/examples/mysql-default-string/expected.sql at ...,https://github.com/prisma/upgrade/blob/master/examples/mysql-default-string/expected.sql
Problems with UEX kit after change of glogin.sql,https://knowledge.exlibrisgroup.com/Aleph/Knowledge_Articles/Problems_with_UEX_kit_after_change_of_glogin.sql
src/trace_processor/metrics/android/android_sysui_cuj.sql,https://android.googlesource.com/platform//external/perfetto/%2B/4793b4e5708e70a7316396f8e0f6752621487004/src/trace_processor/metrics/android/android_sysui_cuj.sql
postgres-cronexp/cronexp.sql at main - chris-mair/postgres-cronexp,https://codeberg.org/chris-mair/postgres-cronexp/src/branch/main/cronexp.sql
SQLPage v0.17 is out,https://sql.ophir.dev/blog.sql%3Fpost%3DSQLPage%2520v0.17
Hitting Ctr+Shift+F10 shortcut does not create a new console .sql ...,https://youtrack.jetbrains.com/issue/DBE-3314/Hitting-CtrShiftF10-shortcut-does-not-create-a-new-console-.sql
Source of test-functions.sql - COVID-19 Borgerstatus - SDS Bitbucket,https://git.nspop.dk/projects/COM/repos/covid-19-borgerstatus/browse/compose/configuration/database/changesets/dev/test-functions.sql%3Fat%3D276767fc893309368bff4a08016644e85ab76970
https://git.nspop.dk/projects/COM/repos/covid-19-b...,https://git.nspop.dk/projects/COM/repos/covid-19-borgerstatus/raw/compose/configuration/database/changesets/dev/test-functions.sql%3Fat%3D276767fc893309368bff4a08016644e85ab76970
https://docs.oracle.com/cd/E82085_01/160040/Enterp...,https://docs.oracle.com/cd/E82085_01/160040/EnterpriseIntegration/BDI/bdi-interface-data-contracts/ddl/ReplItemLoc_Fnd_Repl_Item_Loc_Out.sql
Flowsy.Repository.Sql 20.3.0 - NuGet Gallery,https://www.nuget.org/packages/Flowsy.Repository.Sql
Microsoft.Spark.Sql Namespace - .NET for Apache Spark,https://learn.microsoft.com/en-us/dotnet/api/microsoft.spark.sql%3Fview%3Dspark-dotnet
https://fhdafiles.fhda.edu/downloads/eisDocs/creat...,https://fhdafiles.fhda.edu/downloads/eisDocs/createhiernew.v2.sql
_support/praefect-schema.sql · master · GitLab.org / gitaly · GitLab,https://gitlab.com/gitlab-org/gitaly/-/blob/master/_support/praefect-schema.sql%3Fref_type%3Dheads
sql/version-014.sql ... - GitLab - GNOME,https://gitlab.gnome.org/GNOME/geary/-/blob/2da10e48604675ae085df5f6a0363be8181a4569/sql/version-014.sql
eva.v2.storage.block-store.impl.sql - cljdoc,https://cljdoc.org/d/com.workiva/eva/2.0.4/api/eva.v2.storage.block-store.impl.sql
https://download.oracle.com/otn_hosted_doc/timeste...,https://download.oracle.com/otn_hosted_doc/timesten/1122/quickstart/sample_code/plsql/basics.sql
DevExpress.DataAccess.Sql Namespace | Cross-Platform Class ...,https://docs.devexpress.com/CoreLibraries/DevExpress.DataAccess.Sql
