third_party/blink/web_tests/fast/dom/outerText-no-element-expected.txt,https://chromium.googlesource.com/chromium/src/%2B/24a307d041310b2a4582352e29d0004c0579ea88/third_party/blink/web_tests/fast/dom/outerText-no-element-expected.txt
third_party/blink/web_tests/external/wpt/css/selectors/has-basic ...,https://chromium.googlesource.com/chromium/src/%2B/3e62eccbc284cb756740b11dead0302f5f28fab9/third_party/blink/web_tests/external/wpt/css/selectors/has-basic-expected.txt
wtpq82.pgum.hls.pq2.txt,https://tgftp.nws.noaa.gov/data/raw/wt/wtpq82.pgum.hls.pq2.txt
Notes on using tsunami data,https://www.data.jma.go.jp/svd/eqev/data/bulletin/data/tsunami/notes_e.txt
LayoutTests/inspector/console/console-dir-expected.txt,https://codereview.chromium.org/984523003/diff/200001/LayoutTests/inspector/console/console-dir-expected.txt
third_party/WebKit/LayoutTests/platform/win/paint/invalidation ...,https://codereview.chromium.org/2509323005/diff/20001/third_party/WebKit/LayoutTests/platform/win/paint/invalidation/multicol-repaint-expected.txt
https://downloads.usda.library.cornell.edu/usda-es...,https://downloads.usda.library.cornell.edu/usda-esmis/files/gf06g2710/hh63t6840/4x51hx29s/WA_FV150.TXT
0002.txt - Coca-Cola Investor Relations,https://investors.coca-colacompany.com/filings-reports/all-sec-filings/content/0000021344-01-000003/0002.txt%3FTB_iframe%3Dtrue%26height%3Dauto%26width%3Dauto%26preload%3Dfalse
LayoutTests/fast/css-intrinsic-dimensions/multicol-expected.txt,https://chromiumcodereview.appspot.com/23763002/diff/5001/LayoutTests/fast/css-intrinsic-dimensions/multicol-expected.txt
Probability Intro. Worst/Avg/Expected case. Quicksort,http://www.cs.cmu.edu/afs/cs.cmu.edu/academic/class/15451-s00/www/lectures/lect0125.txt
oCountChickens5.txt - Rutgers Math,http://www.math.rutgers.edu/~zeilberg/tokhniot/oCountChickens5.txt
ReadMe File - SEER Cancer,https://seer.cancer.gov/seerprep/readme.txt
expected-stdout.txt - Android Code Search,https://cs.android.com/android/platform/superproject/%2B/master:art/test/016-intern/expected-stdout.txt
pns.txt - National Weather Service,https://www.weather.gov/media/tbw/HurricaneJeanne/text/pns.txt
latin-test-labels-27jan22-en.txt - icann,https://www.icann.org/en/system/files/files/latin-test-labels-27jan22-en.txt
tsunami warning,https://www.tsunami.gov/products/wexx20example.txt
TEST-org.apache.jasper.compiler.TestJspUtilMakeJavaPackage ...,https://nightlies.apache.org/tomcat/tomcat-11.0.x/logs/299/TEST-org.apache.jasper.compiler.TestJspUtilMakeJavaPackage.NIO2.txt
763630PROP0P100ment0Plan0...,https://documents1.worldbank.org/curated/es/293311468054281814/text/763630PROP0P100ment0Plan0March02013.txt
RFC 1520,https://www.rfc-editor.org/rfc/rfc1520.txt
+ NASA Solar Aircraft Sets Altitude Record,https://www.nasa.gov/home/hqnews/2001/01-165.txt
tax_implications_concerning_tra... - FEMA,https://www.fema.gov/txt/about/regions/regionx/tax_implications_concerning_travel_expenses.txt
README_fordist_cleaned_nonT...,ftp://ftp.broadinstitute.org/pub/ExAC_release/release0.3/functional_gene_constraint/README_fordist_cleaned_nonTCGA_z_data_pLI_2016_01_13.txt
Quick Introduction to Prolog,https://cs.ccsu.edu/~markov/ccsu_courses/prolog.txt
Unfazed: Injured cheerleader expected to make full recovery,http://www.southernillinoisan.com/articles/2006/03/07/top/10005262.txt
Griffith panel expected to vote on motocross course plan,http://www.thetimesonline.com/articles/2009/06/01/news/lake/doc85fc719ee848511e862575c800007a31.txt
Security.txt - Wikipedia,https://en.wikipedia.org/wiki/Security.txt
Typhoon Lan,https://www.metoc.navy.mil/jtwc/products/wp0723prog.txt
Clase 2 - Errores Compilador Pascal.txt,https://cs.uns.edu.ar/~jac/rpaAK/downloads/Varios/Clase%25202%2520-%2520Errores%2520Compilador%2520Pascal.txt
https://d23zj9a2v9ry1w.cloudfront.net/2023/07/28/4...,https://d23zj9a2v9ry1w.cloudfront.net/2023/07/28/4d9b2139-981f-446a-83e6-3e5e85c7d41c/2_1690563081480/4d9b2139-981f-446a-83e6-3e5e85c7d41c_64c3f1a68b945f33a2dca514.txt
"Utz Brands Inc - DFDENTUTZ Passive Investment - August 11, 2023",https://fintel.io/doc/sec/1739566/000093499923000006/UTZ2023.txt
